Resolving dependencies...
Downloading packages...
  _fe_analyzer_shared 99.0.0 (105.0.0 available)
  analyzer 12.1.0 (14.1.0 available)
  build 4.0.7 (4.0.10 available)
  build_runner 2.15.1 (2.16.0 available)
  cli_util 0.4.2 (0.5.2 available)
  dart_style 3.1.8 (3.1.12 available)
  drift_dev 2.34.0 (2.34.5 available)
! foundationmodels_platform_interface 0.1.0 from path ../foundationmodels-dart/packages/foundationmodels_platform_interface (overridden)
  get_it 8.3.0 (9.2.1 available)
  hooks 2.0.2 (2.1.0 available)
  matcher 0.12.19 (0.12.20 available)
  material_color_utilities 0.13.0 (0.13.1 available)
  meta 1.18.0 (1.19.0 available)
  native_toolchain_c 0.19.2 (0.19.3 available)
  package_config 2.2.0 (3.0.0 available)
  record_use 0.6.0 (1.0.0 available)
  sqlite3_flutter_libs 0.5.42 (0.6.0+eol available)
  sqlparser 0.44.5 (0.45.0 available)
  test 1.31.0 (1.31.2 available)
  test_api 0.7.11 (0.7.13 available)
  test_core 0.6.17 (0.6.19 available)
  vector_math 2.2.0 (2.4.2 available)
Got dependencies!
21 packages have newer versions incompatible with dependency constraints.
Try `flutter pub outdated` for more information.
All plugins found for ios are Swift Packages, but your project still has CocoaPods integration. Your project uses a non-standard Podfile and will need to be migrated to Swift Package Manager manually. Some steps you may need to complete include:
  * In the ios/ directory run "pod deintegrate"
  * Transition any Pod dependencies to Swift Package equivalents. See https://developer.apple.com/documentation/xcode/adding-package-dependencies-to-your-app
  * Transition any custom logic
  * Remove the include to "Pods/Target Support Files/Pods-Runner/Pods-Runner.debug.xcconfig" in your ios/Flutter/Debug.xcconfig
  * Remove the include to "Pods/Target Support Files/Pods-Runner/Pods-Runner.release.xcconfig" in your ios/Flutter/Release.xcconfig

Removing CocoaPods integration will improve the project's build time.
All plugins found for macos are Swift Packages, but your project still has CocoaPods integration. Your project uses a non-standard Podfile and will need to be migrated to Swift Package Manager manually. Some steps you may need to complete include:
  * In the macos/ directory run "pod deintegrate"
  * Transition any Pod dependencies to Swift Package equivalents. See https://developer.apple.com/documentation/xcode/adding-package-dependencies-to-your-app
  * Transition any custom logic
  * Remove the include to "Pods/Target Support Files/Pods-Runner/Pods-Runner.debug.xcconfig" in your macos/Flutter/Flutter-Debug.xcconfig
  * Remove the include to "Pods/Target Support Files/Pods-Runner/Pods-Runner.release.xcconfig" in your macos/Flutter/Flutter-Release.xcconfig

Removing CocoaPods integration will improve the project's build time.
Building com.aredes.chatOnDevice for simulator (ios)...
Running Xcode build...                                          
Xcode build done.                                           114.4s
✓ Built build/ios/iphonesimulator/Runner.app
SMOKE chat_runner build_ios_sim=ok class=A (Flutter+Xcode27 lipo multi-arch; fixed ARCHS=arm64)
