Resolving dependencies in `/Users/cristiano/workspace/aredes/estudos/foundationmodels-dart`...
Downloading packages...
  _fe_analyzer_shared 99.0.0 (105.0.0 available)
  analyzer 12.1.0 (14.1.0 available)
  flutter_lints 5.0.0 (6.0.0 available)
  lints 5.1.1 (6.1.0 available)
  matcher 0.12.19 (0.12.20 available)
  material_color_utilities 0.13.0 (0.13.1 available)
  meta 1.18.0 (1.19.0 available)
  package_config 2.2.0 (3.0.0 available)
  test 1.31.0 (1.31.2 available)
  test_api 0.7.11 (0.7.13 available)
  test_core 0.6.17 (0.6.19 available)
  vector_math 2.2.0 (2.4.2 available)
Got dependencies in `/Users/cristiano/workspace/aredes/estudos/foundationmodels-dart`!
12 packages have newer versions incompatible with dependency constraints.
Try `dart pub outdated` for more information.
Publishing foundationmodels_platform_interface 0.1.0 to https://pub.dev:
├── CHANGELOG.md (<1 KB)
├── LICENSE (33 KB)
├── README.md (1 KB)
├── analysis_options.yaml (<1 KB)
├── lib
│   ├── foundationmodels_platform_interface.dart (<1 KB)
│   └── src
│       ├── errors.dart (19 KB)
│       ├── events.dart (11 KB)
│       ├── methods.dart (2 KB)
│       ├── models.dart (7 KB)
│       └── transport.dart (2 KB)
├── pubspec.yaml (<1 KB)
└── test
    ├── errors_test.dart (8 KB)
    ├── events_test.dart (5 KB)
    └── models_test.dart (5 KB)

Total compressed archive size: 26 KB.
Validating package...
Package validation found the following potential issue:
* 1 checked-in file is modified in git.
  
  Usually you want to publish from a clean git state.
  
  Consider committing these files or reverting the changes.
  
  Modified files:
  
  pubspec.yaml
  
  Run `git status` for more information.
  
The server may enforce additional checks.

Package has 1 warning.
