Resolving dependencies in `/Users/cristiano/workspace/aredes/estudos/foundationmodels-dart`...
Downloading packages...
  _fe_analyzer_shared 99.0.0 (105.0.0 available)
  analyzer 12.1.0 (14.1.0 available)
  flutter_lints 5.0.0 (6.0.0 available)
  lints 5.1.1 (6.1.0 available)
  matcher 0.12.19 (0.12.20 available)
  material_color_utilities 0.13.0 (0.13.1 available)
  meta 1.18.0 (1.19.0 available)
  package_config 2.2.0 (3.0.0 available)
  test 1.31.0 (1.31.2 available)
  test_api 0.7.11 (0.7.13 available)
  test_core 0.6.17 (0.6.19 available)
  vector_math 2.2.0 (2.4.2 available)
Got dependencies in `/Users/cristiano/workspace/aredes/estudos/foundationmodels-dart`!
12 packages have newer versions incompatible with dependency constraints.
Try `dart pub outdated` for more information.
Publishing foundationmodels_apple 0.0.1 to https://pub.dev:
├── CHANGELOG.md (<1 KB)
├── LICENSE (33 KB)
├── README.md (6 KB)
├── analysis_options.yaml (<1 KB)
├── ios
│   └── foundationmodels_apple
│       ├── Package.swift (2 KB)
│       └── Sources
│           └── foundationmodels_apple
│               └── FoundationModelsPlugin.swift (17 KB)
├── lib
│   ├── foundationmodels_apple.dart (<1 KB)
│   └── src
│       ├── apple_rpc_transport.dart (4 KB)
│       └── foundationmodels_apple.dart (<1 KB)
├── macos
│   └── foundationmodels_apple
│       ├── Package.swift (2 KB)
│       └── Sources
│           └── foundationmodels_apple
│               └── FoundationModelsPlugin.swift (17 KB)
└── pubspec.yaml (1 KB)

Total compressed archive size: 27 KB.
Validating package...
Package validation found the following error:
* Don't depend on "foundationmodels_platform_interface" from the path source. Use the hosted source instead. For example:
  
  dependencies:
    foundationmodels_platform_interface: any
  
  Using the hosted source ensures that everyone can download your package's dependencies along with your package.

Package validation found the following potential issue:
* 4 checked-in files are modified in git.
  
  Usually you want to publish from a clean git state.
  
  Consider committing these files or reverting the changes.
  
  Modified files:
  
  README.md
  ios/foundationmodels_apple/Package.swift
  macos/foundationmodels_apple/Package.swift
  pubspec.yaml
  
  Run `git status` for more information.
  
Sorry, your package is missing a requirement and can't be published yet.
For more information, see: https://dart.dev/tools/pub/cmd/pub-lish.
