Resolving dependencies in `/Users/cristiano/workspace/aredes/estudos/foundationmodels-dart`...
Downloading packages...
  _fe_analyzer_shared 99.0.0 (105.0.0 available)
  analyzer 12.1.0 (14.1.0 available)
  flutter_lints 5.0.0 (6.0.0 available)
  lints 5.1.1 (6.1.0 available)
  matcher 0.12.19 (0.12.20 available)
  material_color_utilities 0.13.0 (0.13.1 available)
  meta 1.18.0 (1.19.0 available)
  package_config 2.2.0 (3.0.0 available)
  test 1.31.0 (1.31.2 available)
  test_api 0.7.11 (0.7.13 available)
  test_core 0.6.17 (0.6.19 available)
  vector_math 2.2.0 (2.4.2 available)
Got dependencies in `/Users/cristiano/workspace/aredes/estudos/foundationmodels-dart`!
12 packages have newer versions incompatible with dependency constraints.
Try `dart pub outdated` for more information.
Publishing foundationmodels 0.1.0 to https://pub.dev:
├── README.md (3 KB)
├── analysis_options.yaml (<1 KB)
├── lib
│   ├── foundationmodels.dart (1 KB)
│   └── src
│       ├── cancel.dart (2 KB)
│       ├── context_policy.dart (1 KB)
│       ├── mock
│       │   └── mock_provider.dart (14 KB)
│       ├── options.dart (4 KB)
│       ├── provider.dart (6 KB)
│       ├── runtime.dart (22 KB)
│       ├── schema.dart (13 KB)
│       ├── security.dart (2 KB)
│       ├── session.dart (5 KB)
│       ├── tools.dart (2 KB)
│       └── transport_provider.dart (8 KB)
├── pubspec.yaml (<1 KB)
└── test
    ├── context_policy_test.dart (1 KB)
    ├── error_mapping_test.dart (10 KB)
    ├── mock_provider_test.dart (2 KB)
    ├── options_test.dart (3 KB)
    ├── protocol_surface_test.dart (6 KB)
    ├── runtime_test.dart (4 KB)
    ├── schema_test.dart (3 KB)
    ├── session_test.dart (2 KB)
    ├── streaming_test.dart (2 KB)
    └── tools_e2e_test.dart (10 KB)

Total compressed archive size: 32 KB.
Validating package...
Package validation found the following 2 errors:
* You must have a LICENSE file in the root directory.
  An open-source license helps ensure people can legally use your code.

* Don't depend on "foundationmodels_platform_interface" from the path source. Use the hosted source instead. For example:
  
  dependencies:
    foundationmodels_platform_interface: any
  
  Using the hosted source ensures that everyone can download your package's dependencies along with your package.

Package validation found the following 2 potential issues:
* It's strongly recommended to include a "homepage" or "repository" field in your pubspec.yaml

* Please add a `CHANGELOG.md` to your package. See https://dart.dev/tools/pub/publishing#important-files.
Sorry, your package is missing some requirements and can't be published yet.
For more information, see: https://dart.dev/tools/pub/cmd/pub-lish.
